
> mytime@1.0.0 build
> next build

   Γû▓ Next.js 15.5.14

   Creating an optimized production build ...
 Γ£ô Compiled successfully in 1871ms
   Linting and checking validity of types ...
node.exe : Failed to 
compile.
At line:1 char:1
+ & "C:\Program 
Files\nodejs/node.exe" 
"C:\Program 
Files\nodejs/node_mo ...
+ ~~~~~~~~~~~~~~~~~~~~~~~~
~~~~~~~~~~~~~~~~~~~~~~~~~~
~~~~~~~~~~~~~~~~~~~
    + CategoryInfo        
      : NotSpecified: (F  
  ailed to compile.:Str   
 ing) [], RemoteExcept    
ion
    + FullyQualifiedError 
   Id : NativeCommandErr  
  or
 

./src/components/sidebar/T
askList.tsx:24:15
Type error: The left-hand 
side of an arithmetic 
operation must be of type 
'any', 'number', 'bigint' 
or an enum type.

[0m [90m 22 |[39m   
[90m// Sort by start 
time[39m
 [90m 23 |[39m   
[36mconst[39m 
sortedTasks [33m=[39m [
[33m...[39mfilteredTasks]
[33m.[39msort(
[31m[1m>[22m[39m[90m 
24 |[39m     
(a[33m,[39m b) 
[33m=>[39m 
a[33m.[39mstartTime 
[33m-[39m 
b[33m.[39mstartTime
 [90m    |[39m          
     [31m[1m^[22m[39m
 [90m 25 |[39m   
)[33m;[39m
 [90m 26 |[39m
 [90m 27 |[39m   
[36mreturn[39m ([0m
Next.js build worker 
exited with code: 1 and 
signal: null
